Starting KS1D MPC Evaluation with Timing...
=======================================
============================================================
CasADi MPC Evaluation for KS1D
============================================================
Initializing solver (N=128, L=22.0, dt=0.05)...
Building MPC NLP (H=20, Controls=8)...

[1/10] Generating chaotic IC...
Running MPC rollout (400 steps)...

******************************************************************************
This program contains Ipopt, a library for large-scale nonlinear optimization.
 Ipopt is released as open source code under the Eclipse Public License (EPL).
         For more information visit https://github.com/coin-or/Ipopt
******************************************************************************

  Step   0/400, solve: 1730.05 ms | u_max: 1.47
  Step  50/400, solve: 658.65 ms | u_max: 0.07
  Step 100/400, solve: 658.94 ms | u_max: 0.04
  Step 150/400, solve: 611.34 ms | u_max: 0.03
  Step 200/400, solve: 577.43 ms | u_max: 0.03
  Step 250/400, solve: 579.79 ms | u_max: 0.03
  Step 300/400, solve: 576.82 ms | u_max: 0.02
  Step 350/400, solve: 591.31 ms | u_max: 0.02
Sample 1 | MSE (last 50 steps): 8.0858e-05 | Solve: 611.45 ms/step

[2/10] Generating chaotic IC...
Running MPC rollout (400 steps)...
  Step   0/400, solve: 903.52 ms | u_max: 1.30
  Step  50/400, solve: 598.60 ms | u_max: 0.25
  Step 100/400, solve: 594.79 ms | u_max: 0.12
  Step 150/400, solve: 600.02 ms | u_max: 0.07
  Step 200/400, solve: 595.40 ms | u_max: 0.05
  Step 250/400, solve: 600.49 ms | u_max: 0.04
  Step 300/400, solve: 599.93 ms | u_max: 0.04
  Step 350/400, solve: 597.90 ms | u_max: 0.03
Sample 2 | MSE (last 50 steps): 1.9259e-04 | Solve: 599.10 ms/step

[3/10] Generating chaotic IC...
Running MPC rollout (400 steps)...
  Step   0/400, solve: 899.22 ms | u_max: 1.14
  Step  50/400, solve: 599.47 ms | u_max: 0.21
  Step 100/400, solve: 603.94 ms | u_max: 0.11
  Step 150/400, solve: 601.54 ms | u_max: 0.07
  Step 200/400, solve: 602.48 ms | u_max: 0.05
  Step 250/400, solve: 598.09 ms | u_max: 0.04
  Step 300/400, solve: 595.80 ms | u_max: 0.04
  Step 350/400, solve: 598.83 ms | u_max: 0.04
Sample 3 | MSE (last 50 steps): 1.5906e-04 | Solve: 600.70 ms/step

[4/10] Generating chaotic IC...
Running MPC rollout (400 steps)...
  Step   0/400, solve: 906.13 ms | u_max: 1.40
  Step  50/400, solve: 596.74 ms | u_max: 0.20
  Step 100/400, solve: 600.45 ms | u_max: 0.09
  Step 150/400, solve: 606.32 ms | u_max: 0.05
  Step 200/400, solve: 596.46 ms | u_max: 0.03
  Step 250/400, solve: 595.03 ms | u_max: 0.03
  Step 300/400, solve: 596.96 ms | u_max: 0.02
  Step 350/400, solve: 601.53 ms | u_max: 0.02
Sample 4 | MSE (last 50 steps): 1.0276e-04 | Solve: 599.38 ms/step

[5/10] Generating chaotic IC...
Running MPC rollout (400 steps)...
  Step   0/400, solve: 887.99 ms | u_max: 1.07
  Step  50/400, solve: 589.24 ms | u_max: 0.21
  Step 100/400, solve: 592.03 ms | u_max: 0.09
  Step 150/400, solve: 606.47 ms | u_max: 0.05
  Step 200/400, solve: 581.55 ms | u_max: 0.04
  Step 250/400, solve: 580.32 ms | u_max: 0.03
  Step 300/400, solve: 584.91 ms | u_max: 0.03
  Step 350/400, solve: 580.89 ms | u_max: 0.03
Sample 5 | MSE (last 50 steps): 9.0960e-05 | Solve: 587.56 ms/step

[6/10] Generating chaotic IC...
Running MPC rollout (400 steps)...
  Step   0/400, solve: 881.71 ms | u_max: 1.30
  Step  50/400, solve: 581.83 ms | u_max: 0.23
  Step 100/400, solve: 597.53 ms | u_max: 0.11
  Step 150/400, solve: 581.38 ms | u_max: 0.06
  Step 200/400, solve: 579.94 ms | u_max: 0.04
  Step 250/400, solve: 581.27 ms | u_max: 0.04
  Step 300/400, solve: 584.42 ms | u_max: 0.03
  Step 350/400, solve: 591.98 ms | u_max: 0.03
Sample 6 | MSE (last 50 steps): 1.9782e-04 | Solve: 584.25 ms/step

[7/10] Generating chaotic IC...
Running MPC rollout (400 steps)...
  Step   0/400, solve: 881.64 ms | u_max: 1.34
  Step  50/400, solve: 583.96 ms | u_max: 0.17
  Step 100/400, solve: 583.83 ms | u_max: 0.08
  Step 150/400, solve: 583.21 ms | u_max: 0.05
  Step 200/400, solve: 579.25 ms | u_max: 0.03
  Step 250/400, solve: 579.28 ms | u_max: 0.03
  Step 300/400, solve: 579.14 ms | u_max: 0.03
  Step 350/400, solve: 582.17 ms | u_max: 0.02
Sample 7 | MSE (last 50 steps): 1.4302e-04 | Solve: 582.94 ms/step

[8/10] Generating chaotic IC...
Running MPC rollout (400 steps)...
  Step   0/400, solve: 879.56 ms | u_max: 1.26
  Step  50/400, solve: 585.56 ms | u_max: 0.27
  Step 100/400, solve: 587.81 ms | u_max: 0.11
  Step 150/400, solve: 591.28 ms | u_max: 0.06
  Step 200/400, solve: 583.38 ms | u_max: 0.03
  Step 250/400, solve: 586.28 ms | u_max: 0.02
  Step 300/400, solve: 587.71 ms | u_max: 0.02
  Step 350/400, solve: 587.71 ms | u_max: 0.02
Sample 8 | MSE (last 50 steps): 1.0290e-04 | Solve: 587.39 ms/step

[9/10] Generating chaotic IC...
Running MPC rollout (400 steps)...
  Step   0/400, solve: 883.47 ms | u_max: 1.25
  Step  50/400, solve: 582.34 ms | u_max: 0.11
  Step 100/400, solve: 600.69 ms | u_max: 0.05
  Step 150/400, solve: 584.21 ms | u_max: 0.04
  Step 200/400, solve: 587.07 ms | u_max: 0.03
  Step 250/400, solve: 583.10 ms | u_max: 0.03
  Step 300/400, solve: 587.15 ms | u_max: 0.03
  Step 350/400, solve: 583.26 ms | u_max: 0.03
Sample 9 | MSE (last 50 steps): 1.3280e-04 | Solve: 585.19 ms/step

[10/10] Generating chaotic IC...
Running MPC rollout (400 steps)...
  Step   0/400, solve: 881.40 ms | u_max: 1.30
  Step  50/400, solve: 582.82 ms | u_max: 0.27
  Step 100/400, solve: 583.14 ms | u_max: 0.12
  Step 150/400, solve: 580.43 ms | u_max: 0.07
  Step 200/400, solve: 583.67 ms | u_max: 0.05
  Step 250/400, solve: 580.30 ms | u_max: 0.04
  Step 300/400, solve: 580.36 ms | u_max: 0.03
  Step 350/400, solve: 583.22 ms | u_max: 0.03
Sample 10 | MSE (last 50 steps): 1.7695e-04 | Solve: 582.90 ms/step

============================================================
MPC EVALUATION SUMMARY
============================================================
Samples evaluated: 10
Rollout steps per sample: 400
MPC horizon: 20
MPC solve frequency: every 1 step(s)

--- Control Performance ---
Final Window MSE:
  Mean: 1.3797e-04
  Std:  4.0648e-05

--- Timing Statistics ---
Per-step MPC SOLVE time (optimization only):
  Mean: 592.0862 ms
  Std:  27.9127 ms
  Min:  558.9550 ms
  Max:  1730.0472 ms

Full rollout time (400 steps):
  Mean: 237105.59 ms

Summary saved to: results_mpc_ks1d/timing_summary.txt

MPC Evaluation Complete!
